<?xml version="1.0" encoding="ISO-8859-1" ?>
<link_info>
   <banner>MSP430 Linker PC v20.2.1.LTS</banner>
   <copyright>Copyright (c) 2003-2018 Texas Instruments Incorporated</copyright>
   <link_time>0x5f7ffba8</link_time>
   <link_errors>0x0</link_errors>
   <output_file>Timer_Freq.out</output_file>
   <entry_point>
      <name>_c_int00_noargs</name>
      <address>0xc6ee</address>
   </entry_point>
   <input_file_list>
      <input_file id="fl-2">
         <path>.\</path>
         <kind>object</kind>
         <file>main.obj</file>
         <name>main.obj</name>
      </input_file>
      <input_file id="fl-7">
         <kind>object</kind>
         <file>&lt;internal&gt;</file>
         <name>&lt;internal&gt;</name>
      </input_file>
      <input_file id="fl-1d">
         <path>F:\CSS\ccs1011\ccs\tools\compiler\ti-cgt-msp430_20.2.1.LTS\lib\</path>
         <kind>archive</kind>
         <file>rts430_eabi.lib</file>
         <name>div32u.asm.obj</name>
      </input_file>
      <input_file id="fl-1e">
         <path>F:\CSS\ccs1011\ccs\tools\compiler\ti-cgt-msp430_20.2.1.LTS\lib\</path>
         <kind>archive</kind>
         <file>rts430_eabi.lib</file>
         <name>epilog.asm.obj</name>
      </input_file>
      <input_file id="fl-1f">
         <path>F:\CSS\ccs1011\ccs\tools\compiler\ti-cgt-msp430_20.2.1.LTS\lib\</path>
         <kind>archive</kind>
         <file>rts430_eabi.lib</file>
         <name>fs_add.asm.obj</name>
      </input_file>
      <input_file id="fl-20">
         <path>F:\CSS\ccs1011\ccs\tools\compiler\ti-cgt-msp430_20.2.1.LTS\lib\</path>
         <kind>archive</kind>
         <file>rts430_eabi.lib</file>
         <name>fs_div.asm.obj</name>
      </input_file>
      <input_file id="fl-21">
         <path>F:\CSS\ccs1011\ccs\tools\compiler\ti-cgt-msp430_20.2.1.LTS\lib\</path>
         <kind>archive</kind>
         <file>rts430_eabi.lib</file>
         <name>fs_mpy.asm.obj</name>
      </input_file>
      <input_file id="fl-22">
         <path>F:\CSS\ccs1011\ccs\tools\compiler\ti-cgt-msp430_20.2.1.LTS\lib\</path>
         <kind>archive</kind>
         <file>rts430_eabi.lib</file>
         <name>fs_toul.asm.obj</name>
      </input_file>
      <input_file id="fl-23">
         <path>F:\CSS\ccs1011\ccs\tools\compiler\ti-cgt-msp430_20.2.1.LTS\lib\</path>
         <kind>archive</kind>
         <file>rts430_eabi.lib</file>
         <name>fs_utof.asm.obj</name>
      </input_file>
      <input_file id="fl-24">
         <path>F:\CSS\ccs1011\ccs\tools\compiler\ti-cgt-msp430_20.2.1.LTS\lib\</path>
         <kind>archive</kind>
         <file>rts430_eabi.lib</file>
         <name>int00.asm.obj</name>
      </input_file>
      <input_file id="fl-25">
         <path>F:\CSS\ccs1011\ccs\tools\compiler\ti-cgt-msp430_20.2.1.LTS\lib\</path>
         <kind>archive</kind>
         <file>rts430_eabi.lib</file>
         <name>int02.asm.obj</name>
      </input_file>
      <input_file id="fl-26">
         <path>F:\CSS\ccs1011\ccs\tools\compiler\ti-cgt-msp430_20.2.1.LTS\lib\</path>
         <kind>archive</kind>
         <file>rts430_eabi.lib</file>
         <name>int03.asm.obj</name>
      </input_file>
      <input_file id="fl-27">
         <path>F:\CSS\ccs1011\ccs\tools\compiler\ti-cgt-msp430_20.2.1.LTS\lib\</path>
         <kind>archive</kind>
         <file>rts430_eabi.lib</file>
         <name>int05.asm.obj</name>
      </input_file>
      <input_file id="fl-28">
         <path>F:\CSS\ccs1011\ccs\tools\compiler\ti-cgt-msp430_20.2.1.LTS\lib\</path>
         <kind>archive</kind>
         <file>rts430_eabi.lib</file>
         <name>int06.asm.obj</name>
      </input_file>
      <input_file id="fl-29">
         <path>F:\CSS\ccs1011\ccs\tools\compiler\ti-cgt-msp430_20.2.1.LTS\lib\</path>
         <kind>archive</kind>
         <file>rts430_eabi.lib</file>
         <name>int07.asm.obj</name>
      </input_file>
      <input_file id="fl-2a">
         <path>F:\CSS\ccs1011\ccs\tools\compiler\ti-cgt-msp430_20.2.1.LTS\lib\</path>
         <kind>archive</kind>
         <file>rts430_eabi.lib</file>
         <name>int08.asm.obj</name>
      </input_file>
      <input_file id="fl-2b">
         <path>F:\CSS\ccs1011\ccs\tools\compiler\ti-cgt-msp430_20.2.1.LTS\lib\</path>
         <kind>archive</kind>
         <file>rts430_eabi.lib</file>
         <name>int09.asm.obj</name>
      </input_file>
      <input_file id="fl-2c">
         <path>F:\CSS\ccs1011\ccs\tools\compiler\ti-cgt-msp430_20.2.1.LTS\lib\</path>
         <kind>archive</kind>
         <file>rts430_eabi.lib</file>
         <name>int10.asm.obj</name>
      </input_file>
      <input_file id="fl-2d">
         <path>F:\CSS\ccs1011\ccs\tools\compiler\ti-cgt-msp430_20.2.1.LTS\lib\</path>
         <kind>archive</kind>
         <file>rts430_eabi.lib</file>
         <name>int11.asm.obj</name>
      </input_file>
      <input_file id="fl-2e">
         <path>F:\CSS\ccs1011\ccs\tools\compiler\ti-cgt-msp430_20.2.1.LTS\lib\</path>
         <kind>archive</kind>
         <file>rts430_eabi.lib</file>
         <name>int13.asm.obj</name>
      </input_file>
      <input_file id="fl-2f">
         <path>F:\CSS\ccs1011\ccs\tools\compiler\ti-cgt-msp430_20.2.1.LTS\lib\</path>
         <kind>archive</kind>
         <file>rts430_eabi.lib</file>
         <name>int14.asm.obj</name>
      </input_file>
      <input_file id="fl-30">
         <path>F:\CSS\ccs1011\ccs\tools\compiler\ti-cgt-msp430_20.2.1.LTS\lib\</path>
         <kind>archive</kind>
         <file>rts430_eabi.lib</file>
         <name>isr_trap.asm.obj</name>
      </input_file>
      <input_file id="fl-31">
         <path>F:\CSS\ccs1011\ccs\tools\compiler\ti-cgt-msp430_20.2.1.LTS\lib\</path>
         <kind>archive</kind>
         <file>rts430_eabi.lib</file>
         <name>boot.c.obj</name>
      </input_file>
      <input_file id="fl-32">
         <path>F:\CSS\ccs1011\ccs\tools\compiler\ti-cgt-msp430_20.2.1.LTS\lib\</path>
         <kind>archive</kind>
         <file>rts430_eabi.lib</file>
         <name>autoinit.c.obj</name>
      </input_file>
      <input_file id="fl-33">
         <path>F:\CSS\ccs1011\ccs\tools\compiler\ti-cgt-msp430_20.2.1.LTS\lib\</path>
         <kind>archive</kind>
         <file>rts430_eabi.lib</file>
         <name>copy_zero_init.c.obj</name>
      </input_file>
      <input_file id="fl-34">
         <path>F:\CSS\ccs1011\ccs\tools\compiler\ti-cgt-msp430_20.2.1.LTS\lib\</path>
         <kind>archive</kind>
         <file>rts430_eabi.lib</file>
         <name>cpy_tbl.c.obj</name>
      </input_file>
      <input_file id="fl-35">
         <path>F:\CSS\ccs1011\ccs\tools\compiler\ti-cgt-msp430_20.2.1.LTS\lib\</path>
         <kind>archive</kind>
         <file>rts430_eabi.lib</file>
         <name>mpu_init.c.obj</name>
      </input_file>
      <input_file id="fl-36">
         <path>F:\CSS\ccs1011\ccs\tools\compiler\ti-cgt-msp430_20.2.1.LTS\lib\</path>
         <kind>archive</kind>
         <file>rts430_eabi.lib</file>
         <name>pre_init.c.obj</name>
      </input_file>
      <input_file id="fl-37">
         <path>F:\CSS\ccs1011\ccs\tools\compiler\ti-cgt-msp430_20.2.1.LTS\lib\</path>
         <kind>archive</kind>
         <file>rts430_eabi.lib</file>
         <name>startup.c.obj</name>
      </input_file>
      <input_file id="fl-38">
         <path>F:\CSS\ccs1011\ccs\tools\compiler\ti-cgt-msp430_20.2.1.LTS\lib\</path>
         <kind>archive</kind>
         <file>rts430_eabi.lib</file>
         <name>copy_decompress_none.c.obj</name>
      </input_file>
      <input_file id="fl-39">
         <path>F:\CSS\ccs1011\ccs\tools\compiler\ti-cgt-msp430_20.2.1.LTS\lib\</path>
         <kind>archive</kind>
         <file>rts430_eabi.lib</file>
         <name>copy_decompress_lzss.c.obj</name>
      </input_file>
      <input_file id="fl-3a">
         <path>F:\CSS\ccs1011\ccs\tools\compiler\ti-cgt-msp430_20.2.1.LTS\lib\</path>
         <kind>archive</kind>
         <file>rts430_eabi.lib</file>
         <name>exit.c.obj</name>
      </input_file>
      <input_file id="fl-3b">
         <path>F:\CSS\ccs1011\ccs\tools\compiler\ti-cgt-msp430_20.2.1.LTS\lib\</path>
         <kind>archive</kind>
         <file>rts430_eabi.lib</file>
         <name>_lock.c.obj</name>
      </input_file>
      <input_file id="fl-3c">
         <path>F:\CSS\ccs1011\ccs\tools\compiler\ti-cgt-msp430_20.2.1.LTS\lib\</path>
         <kind>archive</kind>
         <file>rts430_eabi.lib</file>
         <name>args_main.c.obj</name>
      </input_file>
      <input_file id="fl-3d">
         <path>F:\CSS\ccs1011\ccs\tools\compiler\ti-cgt-msp430_20.2.1.LTS\lib\</path>
         <kind>archive</kind>
         <file>rts430_eabi.lib</file>
         <name>memcpy.c.obj</name>
      </input_file>
      <input_file id="fl-3e">
         <path>F:\CSS\ccs1011\ccs\tools\compiler\ti-cgt-msp430_20.2.1.LTS\lib\</path>
         <kind>archive</kind>
         <file>rts430_eabi.lib</file>
         <name>memset.c.obj</name>
      </input_file>
      <input_file id="fl-3f">
         <path>F:\CSS\ccs1011\ccs\tools\compiler\ti-cgt-msp430_20.2.1.LTS\lib\</path>
         <kind>archive</kind>
         <file>rts430_eabi.lib</file>
         <name>lsl16.asm.obj</name>
      </input_file>
      <input_file id="fl-40">
         <path>F:\CSS\ccs1011\ccs\tools\compiler\ti-cgt-msp430_20.2.1.LTS\lib\</path>
         <kind>archive</kind>
         <file>rts430_eabi.lib</file>
         <name>lsr16.asm.obj</name>
      </input_file>
      <input_file id="fl-41">
         <path>F:\CSS\ccs1011\ccs\tools\compiler\ti-cgt-msp430_20.2.1.LTS\lib\</path>
         <kind>archive</kind>
         <file>rts430_eabi.lib</file>
         <name>mult16.asm.obj</name>
      </input_file>
      <input_file id="fl-42">
         <path>F:\CSS\ccs1011\ccs\tools\compiler\ti-cgt-msp430_20.2.1.LTS\lib\</path>
         <kind>archive</kind>
         <file>rts430_eabi.lib</file>
         <name>exit_gvars.c.obj</name>
      </input_file>
   </input_file_list>
   <object_component_list>
      <object_component id="oc-13d">
         <name>.data</name>
         <load_address>0x200</load_address>
         <run_address>0x200</run_address>
         <size>0x1d</size>
         <input_file_ref idref="fl-2"/>
      </object_component>
      <object_component id="oc-b1">
         <name>.stack</name>
         <uninitialized>true</uninitialized>
         <run_address>0x3b0</run_address>
         <size>0x2</size>
         <input_file_ref idref="fl-31"/>
      </object_component>
      <object_component id="oc-2c5">
         <name>.stack</name>
         <uninitialized>true</uninitialized>
         <run_address>0x3b0</run_address>
         <size>0x0</size>
      </object_component>
      <object_component id="oc-145">
         <name>.text</name>
         <load_address>0xc000</load_address>
         <run_address>0xc000</run_address>
         <size>0x132</size>
         <input_file_ref idref="fl-1f"/>
      </object_component>
      <object_component id="oc-e1">
         <name>.text:Timer_Tick</name>
         <load_address>0xc132</load_address>
         <run_address>0xc132</run_address>
         <size>0xcc</size>
         <input_file_ref idref="fl-2"/>
      </object_component>
      <object_component id="oc-14a">
         <name>.text</name>
         <load_address>0xc1fe</load_address>
         <run_address>0xc1fe</run_address>
         <size>0xc4</size>
         <input_file_ref idref="fl-21"/>
      </object_component>
      <object_component id="oc-163">
         <name>.text:main</name>
         <load_address>0xc2c2</load_address>
         <run_address>0xc2c2</run_address>
         <size>0xbc</size>
         <input_file_ref idref="fl-2"/>
      </object_component>
      <object_component id="oc-1a6">
         <name>.text:PrintFreq</name>
         <load_address>0xc37e</load_address>
         <run_address>0xc37e</run_address>
         <size>0xa0</size>
         <input_file_ref idref="fl-2"/>
      </object_component>
      <object_component id="oc-1a1">
         <name>.text</name>
         <load_address>0xc41e</load_address>
         <run_address>0xc41e</run_address>
         <size>0x9c</size>
         <input_file_ref idref="fl-20"/>
      </object_component>
      <object_component id="oc-34">
         <name>.text:decompress:lzss:__TI_decompress_lzss</name>
         <load_address>0xc4ba</load_address>
         <run_address>0xc4ba</run_address>
         <size>0x7c</size>
         <input_file_ref idref="fl-39"/>
      </object_component>
      <object_component id="oc-1fb">
         <name>.text</name>
         <load_address>0xc536</load_address>
         <run_address>0xc536</run_address>
         <size>0x58</size>
         <input_file_ref idref="fl-1d"/>
      </object_component>
      <object_component id="oc-1f0">
         <name>.text</name>
         <load_address>0xc58e</load_address>
         <run_address>0xc58e</run_address>
         <size>0x4c</size>
         <input_file_ref idref="fl-22"/>
      </object_component>
      <object_component id="oc-ba">
         <name>.text</name>
         <load_address>0xc5da</load_address>
         <run_address>0xc5da</run_address>
         <size>0x4c</size>
         <input_file_ref idref="fl-40"/>
      </object_component>
      <object_component id="oc-1b9">
         <name>.text:__TI_auto_init_nobinit_nopinit:__TI_auto_init_nobinit_nopinit</name>
         <load_address>0xc626</load_address>
         <run_address>0xc626</run_address>
         <size>0x42</size>
         <input_file_ref idref="fl-32"/>
      </object_component>
      <object_component id="oc-19b">
         <name>.text:InitUART</name>
         <load_address>0xc668</load_address>
         <run_address>0xc668</run_address>
         <size>0x36</size>
         <input_file_ref idref="fl-2"/>
      </object_component>
      <object_component id="oc-b5">
         <name>.text</name>
         <load_address>0xc69e</load_address>
         <run_address>0xc69e</run_address>
         <size>0x2c</size>
         <input_file_ref idref="fl-3f"/>
      </object_component>
      <object_component id="oc-140">
         <name>.text</name>
         <load_address>0xc6ca</load_address>
         <run_address>0xc6ca</run_address>
         <size>0x24</size>
         <input_file_ref idref="fl-23"/>
      </object_component>
      <object_component id="oc-f9">
         <name>.text:_c_int00_noargs</name>
         <load_address>0xc6ee</load_address>
         <run_address>0xc6ee</run_address>
         <size>0x1c</size>
         <input_file_ref idref="fl-31"/>
      </object_component>
      <object_component id="oc-201">
         <name>.text:UARTSendString</name>
         <load_address>0xc70a</load_address>
         <run_address>0xc70a</run_address>
         <size>0x1a</size>
         <input_file_ref idref="fl-2"/>
      </object_component>
      <object_component id="oc-195">
         <name>.text:InitSystemClock</name>
         <load_address>0xc724</load_address>
         <run_address>0xc724</run_address>
         <size>0x18</size>
         <input_file_ref idref="fl-2"/>
      </object_component>
      <object_component id="oc-1f5">
         <name>.text:memset</name>
         <load_address>0xc73c</load_address>
         <run_address>0xc73c</run_address>
         <size>0x14</size>
         <input_file_ref idref="fl-3e"/>
      </object_component>
      <object_component id="oc-3a">
         <name>.text:decompress:none:__TI_decompress_none</name>
         <load_address>0xc750</load_address>
         <run_address>0xc750</run_address>
         <size>0x12</size>
         <input_file_ref idref="fl-38"/>
      </object_component>
      <object_component id="oc-cf">
         <name>.text:memcpy</name>
         <load_address>0xc762</load_address>
         <run_address>0xc762</run_address>
         <size>0x12</size>
         <input_file_ref idref="fl-3d"/>
      </object_component>
      <object_component id="oc-bf">
         <name>.text</name>
         <load_address>0xc774</load_address>
         <run_address>0xc774</run_address>
         <size>0x10</size>
         <input_file_ref idref="fl-1e"/>
      </object_component>
      <object_component id="oc-dc">
         <name>.text:_isr:__TI_ISR_TRAP</name>
         <load_address>0xc784</load_address>
         <run_address>0xc784</run_address>
         <size>0x8</size>
         <input_file_ref idref="fl-30"/>
      </object_component>
      <object_component id="oc-1ad">
         <name>.text:abort</name>
         <load_address>0xc78c</load_address>
         <run_address>0xc78c</run_address>
         <size>0x6</size>
         <input_file_ref idref="fl-3a"/>
      </object_component>
      <object_component id="oc-15d">
         <name>.text:_system_pre_init</name>
         <load_address>0xc792</load_address>
         <run_address>0xc792</run_address>
         <size>0x4</size>
         <input_file_ref idref="fl-36"/>
      </object_component>
      <object_component id="oc-21a">
         <name>.text:_system_post_cinit</name>
         <load_address>0xc796</load_address>
         <run_address>0xc796</run_address>
         <size>0x2</size>
         <input_file_ref idref="fl-37"/>
      </object_component>
      <object_component id="oc-2c4">
         <name>.cinit..data.load</name>
         <load_address>0xc7a8</load_address>
         <run_address>0xc7a8</run_address>
         <size>0x8</size>
      </object_component>
      <object_component id="oc-2c2">
         <name>__TI_handler_table</name>
         <load_address>0xc7b0</load_address>
         <run_address>0xc7b0</run_address>
         <size>0x4</size>
      </object_component>
      <object_component id="oc-2c3">
         <name>__TI_cinit_table</name>
         <load_address>0xc7b4</load_address>
         <run_address>0xc7b4</run_address>
         <size>0x4</size>
      </object_component>
      <object_component id="oc-200">
         <name>.const:.string</name>
         <load_address>0xc798</load_address>
         <run_address>0xc798</run_address>
         <size>0x10</size>
         <input_file_ref idref="fl-2"/>
      </object_component>
      <object_component id="oc-284">
         <name>.binit</name>
         <load_address>0xc000</load_address>
         <run_address>0xc000</run_address>
         <size>0x0</size>
      </object_component>
      <object_component id="oc-40">
         <name>.int00</name>
         <load_address>0xffe0</load_address>
         <run_address>0xffe0</run_address>
         <size>0x2</size>
         <input_file_ref idref="fl-24"/>
      </object_component>
      <object_component id="oc-41">
         <name>.int02</name>
         <load_address>0xffe4</load_address>
         <run_address>0xffe4</run_address>
         <size>0x2</size>
         <input_file_ref idref="fl-25"/>
      </object_component>
      <object_component id="oc-42">
         <name>.int03</name>
         <load_address>0xffe6</load_address>
         <run_address>0xffe6</run_address>
         <size>0x2</size>
         <input_file_ref idref="fl-26"/>
      </object_component>
      <object_component id="oc-43">
         <name>.int05</name>
         <load_address>0xffea</load_address>
         <run_address>0xffea</run_address>
         <size>0x2</size>
         <input_file_ref idref="fl-27"/>
      </object_component>
      <object_component id="oc-44">
         <name>.int06</name>
         <load_address>0xffec</load_address>
         <run_address>0xffec</run_address>
         <size>0x2</size>
         <input_file_ref idref="fl-28"/>
      </object_component>
      <object_component id="oc-45">
         <name>.int07</name>
         <load_address>0xffee</load_address>
         <run_address>0xffee</run_address>
         <size>0x2</size>
         <input_file_ref idref="fl-29"/>
      </object_component>
      <object_component id="oc-46">
         <name>.int08</name>
         <load_address>0xfff0</load_address>
         <run_address>0xfff0</run_address>
         <size>0x2</size>
         <input_file_ref idref="fl-2a"/>
      </object_component>
      <object_component id="oc-47">
         <name>.int09</name>
         <load_address>0xfff2</load_address>
         <run_address>0xfff2</run_address>
         <size>0x2</size>
         <input_file_ref idref="fl-2b"/>
      </object_component>
      <object_component id="oc-48">
         <name>.int10</name>
         <load_address>0xfff4</load_address>
         <run_address>0xfff4</run_address>
         <size>0x2</size>
         <input_file_ref idref="fl-2c"/>
      </object_component>
      <object_component id="oc-49">
         <name>.int11</name>
         <load_address>0xfff6</load_address>
         <run_address>0xfff6</run_address>
         <size>0x2</size>
         <input_file_ref idref="fl-2d"/>
      </object_component>
      <object_component id="oc-4a">
         <name>.int12</name>
         <load_address>0xfff8</load_address>
         <run_address>0xfff8</run_address>
         <size>0x2</size>
         <input_file_ref idref="fl-2"/>
      </object_component>
      <object_component id="oc-4b">
         <name>.int13</name>
         <load_address>0xfffa</load_address>
         <run_address>0xfffa</run_address>
         <size>0x2</size>
         <input_file_ref idref="fl-2e"/>
      </object_component>
      <object_component id="oc-4c">
         <name>.int14</name>
         <load_address>0xfffc</load_address>
         <run_address>0xfffc</run_address>
         <size>0x2</size>
         <input_file_ref idref="fl-2f"/>
      </object_component>
      <object_component id="oc-b4">
         <name>.reset</name>
         <load_address>0xfffe</load_address>
         <run_address>0xfffe</run_address>
         <size>0x2</size>
         <input_file_ref idref="fl-31"/>
      </object_component>
      <object_component id="oc-1ec">
         <name>.debug_info</name>
         <load_address>0x0</load_address>
         <run_address>0x0</run_address>
         <size>0x4ae</size>
         <input_file_ref idref="fl-2"/>
      </object_component>
      <object_component id="oc-13e">
         <name>.debug_info</name>
         <load_address>0x4ae</load_address>
         <run_address>0x4ae</run_address>
         <size>0x1ac</size>
         <input_file_ref idref="fl-2"/>
      </object_component>
      <object_component id="oc-196">
         <name>.debug_info</name>
         <load_address>0x65a</load_address>
         <run_address>0x65a</run_address>
         <size>0x10e</size>
         <input_file_ref idref="fl-2"/>
      </object_component>
      <object_component id="oc-19e">
         <name>.debug_info</name>
         <load_address>0x768</load_address>
         <run_address>0x768</run_address>
         <size>0x100</size>
         <input_file_ref idref="fl-2"/>
      </object_component>
      <object_component id="oc-204">
         <name>.debug_info</name>
         <load_address>0x868</load_address>
         <run_address>0x868</run_address>
         <size>0x15f</size>
         <input_file_ref idref="fl-2"/>
      </object_component>
      <object_component id="oc-1a9">
         <name>.debug_info</name>
         <load_address>0x9c7</load_address>
         <run_address>0x9c7</run_address>
         <size>0x217</size>
         <input_file_ref idref="fl-2"/>
      </object_component>
      <object_component id="oc-164">
         <name>.debug_info</name>
         <load_address>0xbde</load_address>
         <run_address>0xbde</run_address>
         <size>0x13f</size>
         <input_file_ref idref="fl-2"/>
      </object_component>
      <object_component id="oc-e3">
         <name>.debug_info</name>
         <load_address>0xd1d</load_address>
         <run_address>0xd1d</run_address>
         <size>0x1a8</size>
         <input_file_ref idref="fl-2"/>
      </object_component>
      <object_component id="oc-23d">
         <name>.debug_info</name>
         <load_address>0xec5</load_address>
         <run_address>0xec5</run_address>
         <size>0x26b</size>
         <input_file_ref idref="fl-2"/>
      </object_component>
      <object_component id="oc-ca">
         <name>.debug_info</name>
         <load_address>0x1130</load_address>
         <run_address>0x1130</run_address>
         <size>0x84</size>
         <input_file_ref idref="fl-2"/>
      </object_component>
      <object_component id="oc-18d">
         <name>.debug_info</name>
         <load_address>0x11b4</load_address>
         <run_address>0x11b4</run_address>
         <size>0x282</size>
         <input_file_ref idref="fl-2"/>
      </object_component>
      <object_component id="oc-150">
         <name>.debug_info</name>
         <load_address>0x1436</load_address>
         <run_address>0x1436</run_address>
         <size>0xbb</size>
         <input_file_ref idref="fl-2"/>
      </object_component>
      <object_component id="oc-1fd">
         <name>.debug_info</name>
         <load_address>0x14f1</load_address>
         <run_address>0x14f1</run_address>
         <size>0x123</size>
         <input_file_ref idref="fl-1d"/>
      </object_component>
      <object_component id="oc-c1">
         <name>.debug_info</name>
         <load_address>0x1614</load_address>
         <run_address>0x1614</run_address>
         <size>0x12e</size>
         <input_file_ref idref="fl-1e"/>
      </object_component>
      <object_component id="oc-147">
         <name>.debug_info</name>
         <load_address>0x1742</load_address>
         <run_address>0x1742</run_address>
         <size>0x121</size>
         <input_file_ref idref="fl-1f"/>
      </object_component>
      <object_component id="oc-1a2">
         <name>.debug_info</name>
         <load_address>0x1863</load_address>
         <run_address>0x1863</run_address>
         <size>0x121</size>
         <input_file_ref idref="fl-20"/>
      </object_component>
      <object_component id="oc-14b">
         <name>.debug_info</name>
         <load_address>0x1984</load_address>
         <run_address>0x1984</run_address>
         <size>0x121</size>
         <input_file_ref idref="fl-21"/>
      </object_component>
      <object_component id="oc-1f1">
         <name>.debug_info</name>
         <load_address>0x1aa5</load_address>
         <run_address>0x1aa5</run_address>
         <size>0x132</size>
         <input_file_ref idref="fl-22"/>
      </object_component>
      <object_component id="oc-141">
         <name>.debug_info</name>
         <load_address>0x1bd7</load_address>
         <run_address>0x1bd7</run_address>
         <size>0x124</size>
         <input_file_ref idref="fl-23"/>
      </object_component>
      <object_component id="oc-de">
         <name>.debug_info</name>
         <load_address>0x1cfb</load_address>
         <run_address>0x1cfb</run_address>
         <size>0x10f</size>
         <input_file_ref idref="fl-30"/>
      </object_component>
      <object_component id="oc-b2">
         <name>.debug_info</name>
         <load_address>0x1e0a</load_address>
         <run_address>0x1e0a</run_address>
         <size>0x100</size>
         <input_file_ref idref="fl-31"/>
      </object_component>
      <object_component id="oc-fa">
         <name>.debug_info</name>
         <load_address>0x1f0a</load_address>
         <run_address>0x1f0a</run_address>
         <size>0x17a</size>
         <input_file_ref idref="fl-31"/>
      </object_component>
      <object_component id="oc-221">
         <name>.debug_info</name>
         <load_address>0x2084</load_address>
         <run_address>0x2084</run_address>
         <size>0x3de</size>
         <input_file_ref idref="fl-32"/>
      </object_component>
      <object_component id="oc-1ba">
         <name>.debug_info</name>
         <load_address>0x2462</load_address>
         <run_address>0x2462</run_address>
         <size>0x1e0</size>
         <input_file_ref idref="fl-32"/>
      </object_component>
      <object_component id="oc-25e">
         <name>.debug_info</name>
         <load_address>0x2642</load_address>
         <run_address>0x2642</run_address>
         <size>0x39</size>
         <input_file_ref idref="fl-32"/>
      </object_component>
      <object_component id="oc-26f">
         <name>.debug_info</name>
         <load_address>0x267b</load_address>
         <run_address>0x267b</run_address>
         <size>0x2c</size>
         <input_file_ref idref="fl-32"/>
      </object_component>
      <object_component id="oc-22c">
         <name>.debug_info</name>
         <load_address>0x26a7</load_address>
         <run_address>0x26a7</run_address>
         <size>0x2c</size>
         <input_file_ref idref="fl-32"/>
      </object_component>
      <object_component id="oc-263">
         <name>.debug_info</name>
         <load_address>0x26d3</load_address>
         <run_address>0x26d3</run_address>
         <size>0xcd</size>
         <input_file_ref idref="fl-32"/>
      </object_component>
      <object_component id="oc-130">
         <name>.debug_info</name>
         <load_address>0x27a0</load_address>
         <run_address>0x27a0</run_address>
         <size>0x2c</size>
         <input_file_ref idref="fl-33"/>
      </object_component>
      <object_component id="oc-15e">
         <name>.debug_info</name>
         <load_address>0x27cc</load_address>
         <run_address>0x27cc</run_address>
         <size>0x153</size>
         <input_file_ref idref="fl-36"/>
      </object_component>
      <object_component id="oc-21e">
         <name>.debug_info</name>
         <load_address>0x291f</load_address>
         <run_address>0x291f</run_address>
         <size>0x150</size>
         <input_file_ref idref="fl-37"/>
      </object_component>
      <object_component id="oc-db">
         <name>.debug_info</name>
         <load_address>0x2a6f</load_address>
         <run_address>0x2a6f</run_address>
         <size>0x180</size>
         <input_file_ref idref="fl-38"/>
      </object_component>
      <object_component id="oc-3d">
         <name>.debug_info</name>
         <load_address>0x2bef</load_address>
         <run_address>0x2bef</run_address>
         <size>0x1ea</size>
         <input_file_ref idref="fl-38"/>
      </object_component>
      <object_component id="oc-d6">
         <name>.debug_info</name>
         <load_address>0x2dd9</load_address>
         <run_address>0x2dd9</run_address>
         <size>0x46</size>
         <input_file_ref idref="fl-38"/>
      </object_component>
      <object_component id="oc-135">
         <name>.debug_info</name>
         <load_address>0x2e1f</load_address>
         <run_address>0x2e1f</run_address>
         <size>0x2c</size>
         <input_file_ref idref="fl-38"/>
      </object_component>
      <object_component id="oc-12d">
         <name>.debug_info</name>
         <load_address>0x2e4b</load_address>
         <run_address>0x2e4b</run_address>
         <size>0x176</size>
         <input_file_ref idref="fl-39"/>
      </object_component>
      <object_component id="oc-38">
         <name>.debug_info</name>
         <load_address>0x2fc1</load_address>
         <run_address>0x2fc1</run_address>
         <size>0x292</size>
         <input_file_ref idref="fl-39"/>
      </object_component>
      <object_component id="oc-c5">
         <name>.debug_info</name>
         <load_address>0x3253</load_address>
         <run_address>0x3253</run_address>
         <size>0x60</size>
         <input_file_ref idref="fl-39"/>
      </object_component>
      <object_component id="oc-17f">
         <name>.debug_info</name>
         <load_address>0x32b3</load_address>
         <run_address>0x32b3</run_address>
         <size>0x46</size>
         <input_file_ref idref="fl-39"/>
      </object_component>
      <object_component id="oc-128">
         <name>.debug_info</name>
         <load_address>0x32f9</load_address>
         <run_address>0x32f9</run_address>
         <size>0x39</size>
         <input_file_ref idref="fl-39"/>
      </object_component>
      <object_component id="oc-1b0">
         <name>.debug_info</name>
         <load_address>0x3332</load_address>
         <run_address>0x3332</run_address>
         <size>0x122</size>
         <input_file_ref idref="fl-3a"/>
      </object_component>
      <object_component id="oc-12f">
         <name>.debug_info</name>
         <load_address>0x3454</load_address>
         <run_address>0x3454</run_address>
         <size>0x181</size>
         <input_file_ref idref="fl-3d"/>
      </object_component>
      <object_component id="oc-d0">
         <name>.debug_info</name>
         <load_address>0x35d5</load_address>
         <run_address>0x35d5</run_address>
         <size>0x17a</size>
         <input_file_ref idref="fl-3d"/>
      </object_component>
      <object_component id="oc-244">
         <name>.debug_info</name>
         <load_address>0x374f</load_address>
         <run_address>0x374f</run_address>
         <size>0x16d</size>
         <input_file_ref idref="fl-3e"/>
      </object_component>
      <object_component id="oc-1f6">
         <name>.debug_info</name>
         <load_address>0x38bc</load_address>
         <run_address>0x38bc</run_address>
         <size>0x275</size>
         <input_file_ref idref="fl-3e"/>
      </object_component>
      <object_component id="oc-b6">
         <name>.debug_info</name>
         <load_address>0x3b31</load_address>
         <run_address>0x3b31</run_address>
         <size>0x120</size>
         <input_file_ref idref="fl-3f"/>
      </object_component>
      <object_component id="oc-bc">
         <name>.debug_info</name>
         <load_address>0x3c51</load_address>
         <run_address>0x3c51</run_address>
         <size>0x120</size>
         <input_file_ref idref="fl-40"/>
      </object_component>
      <object_component id="oc-2c6">
         <name>.debug_info</name>
         <load_address>0x3d71</load_address>
         <run_address>0x3d71</run_address>
         <size>0xa5</size>
      </object_component>
      <object_component id="oc-23c">
         <name>.debug_line</name>
         <load_address>0x0</load_address>
         <run_address>0x0</run_address>
         <size>0x5c</size>
         <input_file_ref idref="fl-2"/>
      </object_component>
      <object_component id="oc-189">
         <name>.debug_line</name>
         <load_address>0x5c</load_address>
         <run_address>0x5c</run_address>
         <size>0x2d</size>
         <input_file_ref idref="fl-2"/>
      </object_component>
      <object_component id="oc-19a">
         <name>.debug_line</name>
         <load_address>0x89</load_address>
         <run_address>0x89</run_address>
         <size>0x43</size>
         <input_file_ref idref="fl-2"/>
      </object_component>
      <object_component id="oc-19c">
         <name>.debug_line</name>
         <load_address>0xcc</load_address>
         <run_address>0xcc</run_address>
         <size>0x4a</size>
         <input_file_ref idref="fl-2"/>
      </object_component>
      <object_component id="oc-202">
         <name>.debug_line</name>
         <load_address>0x116</load_address>
         <run_address>0x116</run_address>
         <size>0x4b</size>
         <input_file_ref idref="fl-2"/>
      </object_component>
      <object_component id="oc-1a7">
         <name>.debug_line</name>
         <load_address>0x161</load_address>
         <run_address>0x161</run_address>
         <size>0x57</size>
         <input_file_ref idref="fl-2"/>
      </object_component>
      <object_component id="oc-167">
         <name>.debug_line</name>
         <load_address>0x1b8</load_address>
         <run_address>0x1b8</run_address>
         <size>0x5d</size>
         <input_file_ref idref="fl-2"/>
      </object_component>
      <object_component id="oc-e2">
         <name>.debug_line</name>
         <load_address>0x215</load_address>
         <run_address>0x215</run_address>
         <size>0x53</size>
         <input_file_ref idref="fl-2"/>
      </object_component>
      <object_component id="oc-240">
         <name>.debug_line</name>
         <load_address>0x268</load_address>
         <run_address>0x268</run_address>
         <size>0x73</size>
         <input_file_ref idref="fl-2"/>
      </object_component>
      <object_component id="oc-cd">
         <name>.debug_line</name>
         <load_address>0x2db</load_address>
         <run_address>0x2db</run_address>
         <size>0x20</size>
         <input_file_ref idref="fl-2"/>
      </object_component>
      <object_component id="oc-190">
         <name>.debug_line</name>
         <load_address>0x2fb</load_address>
         <run_address>0x2fb</run_address>
         <size>0x77</size>
         <input_file_ref idref="fl-2"/>
      </object_component>
      <object_component id="oc-153">
         <name>.debug_line</name>
         <load_address>0x372</load_address>
         <run_address>0x372</run_address>
         <size>0x74</size>
         <input_file_ref idref="fl-2"/>
      </object_component>
      <object_component id="oc-1ff">
         <name>.debug_line</name>
         <load_address>0x3e6</load_address>
         <run_address>0x3e6</run_address>
         <size>0x64</size>
         <input_file_ref idref="fl-1d"/>
      </object_component>
      <object_component id="oc-c0">
         <name>.debug_line</name>
         <load_address>0x44a</load_address>
         <run_address>0x44a</run_address>
         <size>0x40</size>
         <input_file_ref idref="fl-1e"/>
      </object_component>
      <object_component id="oc-146">
         <name>.debug_line</name>
         <load_address>0x48a</load_address>
         <run_address>0x48a</run_address>
         <size>0xbb</size>
         <input_file_ref idref="fl-1f"/>
      </object_component>
      <object_component id="oc-1a5">
         <name>.debug_line</name>
         <load_address>0x545</load_address>
         <run_address>0x545</run_address>
         <size>0x83</size>
         <input_file_ref idref="fl-20"/>
      </object_component>
      <object_component id="oc-14e">
         <name>.debug_line</name>
         <load_address>0x5c8</load_address>
         <run_address>0x5c8</run_address>
         <size>0x94</size>
         <input_file_ref idref="fl-21"/>
      </object_component>
      <object_component id="oc-1f4">
         <name>.debug_line</name>
         <load_address>0x65c</load_address>
         <run_address>0x65c</run_address>
         <size>0x5d</size>
         <input_file_ref idref="fl-22"/>
      </object_component>
      <object_component id="oc-144">
         <name>.debug_line</name>
         <load_address>0x6b9</load_address>
         <run_address>0x6b9</run_address>
         <size>0x4d</size>
         <input_file_ref idref="fl-23"/>
      </object_component>
      <object_component id="oc-e0">
         <name>.debug_line</name>
         <load_address>0x706</load_address>
         <run_address>0x706</run_address>
         <size>0x3d</size>
         <input_file_ref idref="fl-30"/>
      </object_component>
      <object_component id="oc-124">
         <name>.debug_line</name>
         <load_address>0x743</load_address>
         <run_address>0x743</run_address>
         <size>0x2a</size>
         <input_file_ref idref="fl-31"/>
      </object_component>
      <object_component id="oc-fe">
         <name>.debug_line</name>
         <load_address>0x76d</load_address>
         <run_address>0x76d</run_address>
         <size>0x46</size>
         <input_file_ref idref="fl-31"/>
      </object_component>
      <object_component id="oc-25d">
         <name>.debug_line</name>
         <load_address>0x7b3</load_address>
         <run_address>0x7b3</run_address>
         <size>0xbf</size>
         <input_file_ref idref="fl-32"/>
      </object_component>
      <object_component id="oc-1be">
         <name>.debug_line</name>
         <load_address>0x872</load_address>
         <run_address>0x872</run_address>
         <size>0x73</size>
         <input_file_ref idref="fl-32"/>
      </object_component>
      <object_component id="oc-261">
         <name>.debug_line</name>
         <load_address>0x8e5</load_address>
         <run_address>0x8e5</run_address>
         <size>0x2e</size>
         <input_file_ref idref="fl-32"/>
      </object_component>
      <object_component id="oc-272">
         <name>.debug_line</name>
         <load_address>0x913</load_address>
         <run_address>0x913</run_address>
         <size>0x9a</size>
         <input_file_ref idref="fl-32"/>
      </object_component>
      <object_component id="oc-22f">
         <name>.debug_line</name>
         <load_address>0x9ad</load_address>
         <run_address>0x9ad</run_address>
         <size>0x97</size>
         <input_file_ref idref="fl-32"/>
      </object_component>
      <object_component id="oc-266">
         <name>.debug_line</name>
         <load_address>0xa44</load_address>
         <run_address>0xa44</run_address>
         <size>0x93</size>
         <input_file_ref idref="fl-32"/>
      </object_component>
      <object_component id="oc-133">
         <name>.debug_line</name>
         <load_address>0xad7</load_address>
         <run_address>0xad7</run_address>
         <size>0x92</size>
         <input_file_ref idref="fl-33"/>
      </object_component>
      <object_component id="oc-161">
         <name>.debug_line</name>
         <load_address>0xb69</load_address>
         <run_address>0xb69</run_address>
         <size>0x3e</size>
         <input_file_ref idref="fl-36"/>
      </object_component>
      <object_component id="oc-21b">
         <name>.debug_line</name>
         <load_address>0xba7</load_address>
         <run_address>0xba7</run_address>
         <size>0x3a</size>
         <input_file_ref idref="fl-37"/>
      </object_component>
      <object_component id="oc-13b">
         <name>.debug_line</name>
         <load_address>0xbe1</load_address>
         <run_address>0xbe1</run_address>
         <size>0x20</size>
         <input_file_ref idref="fl-38"/>
      </object_component>
      <object_component id="oc-3f">
         <name>.debug_line</name>
         <load_address>0xc01</load_address>
         <run_address>0xc01</run_address>
         <size>0x50</size>
         <input_file_ref idref="fl-38"/>
      </object_component>
      <object_component id="oc-d9">
         <name>.debug_line</name>
         <load_address>0xc51</load_address>
         <run_address>0xc51</run_address>
         <size>0x3a</size>
         <input_file_ref idref="fl-38"/>
      </object_component>
      <object_component id="oc-138">
         <name>.debug_line</name>
         <load_address>0xc8b</load_address>
         <run_address>0xc8b</run_address>
         <size>0x92</size>
         <input_file_ref idref="fl-38"/>
      </object_component>
      <object_component id="oc-185">
         <name>.debug_line</name>
         <load_address>0xd1d</load_address>
         <run_address>0xd1d</run_address>
         <size>0x20</size>
         <input_file_ref idref="fl-39"/>
      </object_component>
      <object_component id="oc-36">
         <name>.debug_line</name>
         <load_address>0xd3d</load_address>
         <run_address>0xd3d</run_address>
         <size>0x92</size>
         <input_file_ref idref="fl-39"/>
      </object_component>
      <object_component id="oc-c8">
         <name>.debug_line</name>
         <load_address>0xdcf</load_address>
         <run_address>0xdcf</run_address>
         <size>0x3a</size>
         <input_file_ref idref="fl-39"/>
      </object_component>
      <object_component id="oc-182">
         <name>.debug_line</name>
         <load_address>0xe09</load_address>
         <run_address>0xe09</run_address>
         <size>0x9a</size>
         <input_file_ref idref="fl-39"/>
      </object_component>
      <object_component id="oc-12b">
         <name>.debug_line</name>
         <load_address>0xea3</load_address>
         <run_address>0xea3</run_address>
         <size>0x96</size>
         <input_file_ref idref="fl-39"/>
      </object_component>
      <object_component id="oc-1ae">
         <name>.debug_line</name>
         <load_address>0xf39</load_address>
         <run_address>0xf39</run_address>
         <size>0x3d</size>
         <input_file_ref idref="fl-3a"/>
      </object_component>
      <object_component id="oc-187">
         <name>.debug_line</name>
         <load_address>0xf76</load_address>
         <run_address>0xf76</run_address>
         <size>0x20</size>
         <input_file_ref idref="fl-3d"/>
      </object_component>
      <object_component id="oc-d3">
         <name>.debug_line</name>
         <load_address>0xf96</load_address>
         <run_address>0xf96</run_address>
         <size>0x42</size>
         <input_file_ref idref="fl-3d"/>
      </object_component>
      <object_component id="oc-275">
         <name>.debug_line</name>
         <load_address>0xfd8</load_address>
         <run_address>0xfd8</run_address>
         <size>0x20</size>
         <input_file_ref idref="fl-3e"/>
      </object_component>
      <object_component id="oc-1f9">
         <name>.debug_line</name>
         <load_address>0xff8</load_address>
         <run_address>0xff8</run_address>
         <size>0xae</size>
         <input_file_ref idref="fl-3e"/>
      </object_component>
      <object_component id="oc-b9">
         <name>.debug_line</name>
         <load_address>0x10a6</load_address>
         <run_address>0x10a6</run_address>
         <size>0x4e</size>
         <input_file_ref idref="fl-3f"/>
      </object_component>
      <object_component id="oc-bb">
         <name>.debug_line</name>
         <load_address>0x10f4</load_address>
         <run_address>0x10f4</run_address>
         <size>0x5e</size>
         <input_file_ref idref="fl-40"/>
      </object_component>
      <object_component id="oc-199">
         <name>.debug_frame</name>
         <load_address>0x0</load_address>
         <run_address>0x0</run_address>
         <size>0x3c</size>
         <input_file_ref idref="fl-2"/>
      </object_component>
      <object_component id="oc-19d">
         <name>.debug_frame</name>
         <load_address>0x3c</load_address>
         <run_address>0x3c</run_address>
         <size>0x3c</size>
         <input_file_ref idref="fl-2"/>
      </object_component>
      <object_component id="oc-203">
         <name>.debug_frame</name>
         <load_address>0x78</load_address>
         <run_address>0x78</run_address>
         <size>0x3c</size>
         <input_file_ref idref="fl-2"/>
      </object_component>
      <object_component id="oc-1a8">
         <name>.debug_frame</name>
         <load_address>0xb4</load_address>
         <run_address>0xb4</run_address>
         <size>0x50</size>
         <input_file_ref idref="fl-2"/>
      </object_component>
      <object_component id="oc-168">
         <name>.debug_frame</name>
         <load_address>0x104</load_address>
         <run_address>0x104</run_address>
         <size>0x40</size>
         <input_file_ref idref="fl-2"/>
      </object_component>
      <object_component id="oc-e6">
         <name>.debug_frame</name>
         <load_address>0x144</load_address>
         <run_address>0x144</run_address>
         <size>0x64</size>
         <input_file_ref idref="fl-2"/>
      </object_component>
      <object_component id="oc-fd">
         <name>.debug_frame</name>
         <load_address>0x1a8</load_address>
         <run_address>0x1a8</run_address>
         <size>0x34</size>
         <input_file_ref idref="fl-31"/>
      </object_component>
      <object_component id="oc-1bd">
         <name>.debug_frame</name>
         <load_address>0x1dc</load_address>
         <run_address>0x1dc</run_address>
         <size>0x44</size>
         <input_file_ref idref="fl-32"/>
      </object_component>
      <object_component id="oc-162">
         <name>.debug_frame</name>
         <load_address>0x220</load_address>
         <run_address>0x220</run_address>
         <size>0x3c</size>
         <input_file_ref idref="fl-36"/>
      </object_component>
      <object_component id="oc-21d">
         <name>.debug_frame</name>
         <load_address>0x25c</load_address>
         <run_address>0x25c</run_address>
         <size>0x3c</size>
         <input_file_ref idref="fl-37"/>
      </object_component>
      <object_component id="oc-3c">
         <name>.debug_frame</name>
         <load_address>0x298</load_address>
         <run_address>0x298</run_address>
         <size>0x3c</size>
         <input_file_ref idref="fl-38"/>
      </object_component>
      <object_component id="oc-37">
         <name>.debug_frame</name>
         <load_address>0x2d4</load_address>
         <run_address>0x2d4</run_address>
         <size>0x48</size>
         <input_file_ref idref="fl-39"/>
      </object_component>
      <object_component id="oc-1b2">
         <name>.debug_frame</name>
         <load_address>0x31c</load_address>
         <run_address>0x31c</run_address>
         <size>0x3c</size>
         <input_file_ref idref="fl-3a"/>
      </object_component>
      <object_component id="oc-d4">
         <name>.debug_frame</name>
         <load_address>0x358</load_address>
         <run_address>0x358</run_address>
         <size>0x3c</size>
         <input_file_ref idref="fl-3d"/>
      </object_component>
      <object_component id="oc-1fa">
         <name>.debug_frame</name>
         <load_address>0x394</load_address>
         <run_address>0x394</run_address>
         <size>0x3c</size>
         <input_file_ref idref="fl-3e"/>
      </object_component>
      <object_component id="oc-23b">
         <name>.debug_abbrev</name>
         <load_address>0x0</load_address>
         <run_address>0x0</run_address>
         <size>0x97</size>
         <input_file_ref idref="fl-2"/>
      </object_component>
      <object_component id="oc-188">
         <name>.debug_abbrev</name>
         <load_address>0x97</load_address>
         <run_address>0x97</run_address>
         <size>0x29</size>
         <input_file_ref idref="fl-2"/>
      </object_component>
      <object_component id="oc-1ed">
         <name>.debug_abbrev</name>
         <load_address>0xc0</load_address>
         <run_address>0xc0</run_address>
         <size>0x50</size>
         <input_file_ref idref="fl-2"/>
      </object_component>
      <object_component id="oc-1ee">
         <name>.debug_abbrev</name>
         <load_address>0x110</load_address>
         <run_address>0x110</run_address>
         <size>0x50</size>
         <input_file_ref idref="fl-2"/>
      </object_component>
      <object_component id="oc-246">
         <name>.debug_abbrev</name>
         <load_address>0x160</load_address>
         <run_address>0x160</run_address>
         <size>0x6c</size>
         <input_file_ref idref="fl-2"/>
      </object_component>
      <object_component id="oc-207">
         <name>.debug_abbrev</name>
         <load_address>0x1cc</load_address>
         <run_address>0x1cc</run_address>
         <size>0x7a</size>
         <input_file_ref idref="fl-2"/>
      </object_component>
      <object_component id="oc-1ac">
         <name>.debug_abbrev</name>
         <load_address>0x246</load_address>
         <run_address>0x246</run_address>
         <size>0x54</size>
         <input_file_ref idref="fl-2"/>
      </object_component>
      <object_component id="oc-14f">
         <name>.debug_abbrev</name>
         <load_address>0x29a</load_address>
         <run_address>0x29a</run_address>
         <size>0x6f</size>
         <input_file_ref idref="fl-2"/>
      </object_component>
      <object_component id="oc-23f">
         <name>.debug_abbrev</name>
         <load_address>0x309</load_address>
         <run_address>0x309</run_address>
         <size>0x69</size>
         <input_file_ref idref="fl-2"/>
      </object_component>
      <object_component id="oc-cc">
         <name>.debug_abbrev</name>
         <load_address>0x372</load_address>
         <run_address>0x372</run_address>
         <size>0x1f</size>
         <input_file_ref idref="fl-2"/>
      </object_component>
      <object_component id="oc-18f">
         <name>.debug_abbrev</name>
         <load_address>0x391</load_address>
         <run_address>0x391</run_address>
         <size>0x35</size>
         <input_file_ref idref="fl-2"/>
      </object_component>
      <object_component id="oc-152">
         <name>.debug_abbrev</name>
         <load_address>0x3c6</load_address>
         <run_address>0x3c6</run_address>
         <size>0x24</size>
         <input_file_ref idref="fl-2"/>
      </object_component>
      <object_component id="oc-245">
         <name>.debug_abbrev</name>
         <load_address>0x3ea</load_address>
         <run_address>0x3ea</run_address>
         <size>0x3c</size>
         <input_file_ref idref="fl-1d"/>
      </object_component>
      <object_component id="oc-127">
         <name>.debug_abbrev</name>
         <load_address>0x426</load_address>
         <run_address>0x426</run_address>
         <size>0x3a</size>
         <input_file_ref idref="fl-1e"/>
      </object_component>
      <object_component id="oc-18b">
         <name>.debug_abbrev</name>
         <load_address>0x460</load_address>
         <run_address>0x460</run_address>
         <size>0x3c</size>
         <input_file_ref idref="fl-1f"/>
      </object_component>
      <object_component id="oc-1ef">
         <name>.debug_abbrev</name>
         <load_address>0x49c</load_address>
         <run_address>0x49c</run_address>
         <size>0x3c</size>
         <input_file_ref idref="fl-20"/>
      </object_component>
      <object_component id="oc-18c">
         <name>.debug_abbrev</name>
         <load_address>0x4d8</load_address>
         <run_address>0x4d8</run_address>
         <size>0x3c</size>
         <input_file_ref idref="fl-21"/>
      </object_component>
      <object_component id="oc-242">
         <name>.debug_abbrev</name>
         <load_address>0x514</load_address>
         <run_address>0x514</run_address>
         <size>0x3c</size>
         <input_file_ref idref="fl-22"/>
      </object_component>
      <object_component id="oc-18a">
         <name>.debug_abbrev</name>
         <load_address>0x550</load_address>
         <run_address>0x550</run_address>
         <size>0x3c</size>
         <input_file_ref idref="fl-23"/>
      </object_component>
      <object_component id="oc-13c">
         <name>.debug_abbrev</name>
         <load_address>0x58c</load_address>
         <run_address>0x58c</run_address>
         <size>0x28</size>
         <input_file_ref idref="fl-30"/>
      </object_component>
      <object_component id="oc-123">
         <name>.debug_abbrev</name>
         <load_address>0x5b4</load_address>
         <run_address>0x5b4</run_address>
         <size>0x29</size>
         <input_file_ref idref="fl-31"/>
      </object_component>
      <object_component id="oc-16c">
         <name>.debug_abbrev</name>
         <load_address>0x5dd</load_address>
         <run_address>0x5dd</run_address>
         <size>0x58</size>
         <input_file_ref idref="fl-31"/>
      </object_component>
      <object_component id="oc-25c">
         <name>.debug_abbrev</name>
         <load_address>0x635</load_address>
         <run_address>0x635</run_address>
         <size>0xc0</size>
         <input_file_ref idref="fl-32"/>
      </object_component>
      <object_component id="oc-220">
         <name>.debug_abbrev</name>
         <load_address>0x6f5</load_address>
         <run_address>0x6f5</run_address>
         <size>0x7e</size>
         <input_file_ref idref="fl-32"/>
      </object_component>
      <object_component id="oc-260">
         <name>.debug_abbrev</name>
         <load_address>0x773</load_address>
         <run_address>0x773</run_address>
         <size>0x24</size>
         <input_file_ref idref="fl-32"/>
      </object_component>
      <object_component id="oc-271">
         <name>.debug_abbrev</name>
         <load_address>0x797</load_address>
         <run_address>0x797</run_address>
         <size>0x24</size>
         <input_file_ref idref="fl-32"/>
      </object_component>
      <object_component id="oc-22e">
         <name>.debug_abbrev</name>
         <load_address>0x7bb</load_address>
         <run_address>0x7bb</run_address>
         <size>0x24</size>
         <input_file_ref idref="fl-32"/>
      </object_component>
      <object_component id="oc-265">
         <name>.debug_abbrev</name>
         <load_address>0x7df</load_address>
         <run_address>0x7df</run_address>
         <size>0x4b</size>
         <input_file_ref idref="fl-32"/>
      </object_component>
      <object_component id="oc-132">
         <name>.debug_abbrev</name>
         <load_address>0x82a</load_address>
         <run_address>0x82a</run_address>
         <size>0x24</size>
         <input_file_ref idref="fl-33"/>
      </object_component>
      <object_component id="oc-194">
         <name>.debug_abbrev</name>
         <load_address>0x84e</load_address>
         <run_address>0x84e</run_address>
         <size>0x55</size>
         <input_file_ref idref="fl-36"/>
      </object_component>
      <object_component id="oc-25b">
         <name>.debug_abbrev</name>
         <load_address>0x8a3</load_address>
         <run_address>0x8a3</run_address>
         <size>0x53</size>
         <input_file_ref idref="fl-37"/>
      </object_component>
      <object_component id="oc-13a">
         <name>.debug_abbrev</name>
         <load_address>0x8f6</load_address>
         <run_address>0x8f6</run_address>
         <size>0x37</size>
         <input_file_ref idref="fl-38"/>
      </object_component>
      <object_component id="oc-d5">
         <name>.debug_abbrev</name>
         <load_address>0x92d</load_address>
         <run_address>0x92d</run_address>
         <size>0x74</size>
         <input_file_ref idref="fl-38"/>
      </object_component>
      <object_component id="oc-d8">
         <name>.debug_abbrev</name>
         <load_address>0x9a1</load_address>
         <run_address>0x9a1</run_address>
         <size>0x24</size>
         <input_file_ref idref="fl-38"/>
      </object_component>
      <object_component id="oc-137">
         <name>.debug_abbrev</name>
         <load_address>0x9c5</load_address>
         <run_address>0x9c5</run_address>
         <size>0x24</size>
         <input_file_ref idref="fl-38"/>
      </object_component>
      <object_component id="oc-184">
         <name>.debug_abbrev</name>
         <load_address>0x9e9</load_address>
         <run_address>0x9e9</run_address>
         <size>0x37</size>
         <input_file_ref idref="fl-39"/>
      </object_component>
      <object_component id="oc-c4">
         <name>.debug_abbrev</name>
         <load_address>0xa20</load_address>
         <run_address>0xa20</run_address>
         <size>0x7d</size>
         <input_file_ref idref="fl-39"/>
      </object_component>
      <object_component id="oc-c7">
         <name>.debug_abbrev</name>
         <load_address>0xa9d</load_address>
         <run_address>0xa9d</run_address>
         <size>0x24</size>
         <input_file_ref idref="fl-39"/>
      </object_component>
      <object_component id="oc-181">
         <name>.debug_abbrev</name>
         <load_address>0xac1</load_address>
         <run_address>0xac1</run_address>
         <size>0x35</size>
         <input_file_ref idref="fl-39"/>
      </object_component>
      <object_component id="oc-12a">
         <name>.debug_abbrev</name>
         <load_address>0xaf6</load_address>
         <run_address>0xaf6</run_address>
         <size>0x24</size>
         <input_file_ref idref="fl-39"/>
      </object_component>
      <object_component id="oc-208">
         <name>.debug_abbrev</name>
         <load_address>0xb1a</load_address>
         <run_address>0xb1a</run_address>
         <size>0x45</size>
         <input_file_ref idref="fl-3a"/>
      </object_component>
      <object_component id="oc-186">
         <name>.debug_abbrev</name>
         <load_address>0xb5f</load_address>
         <run_address>0xb5f</run_address>
         <size>0x45</size>
         <input_file_ref idref="fl-3d"/>
      </object_component>
      <object_component id="oc-12e">
         <name>.debug_abbrev</name>
         <load_address>0xba4</load_address>
         <run_address>0xba4</run_address>
         <size>0x71</size>
         <input_file_ref idref="fl-3d"/>
      </object_component>
      <object_component id="oc-274">
         <name>.debug_abbrev</name>
         <load_address>0xc15</load_address>
         <run_address>0xc15</run_address>
         <size>0x35</size>
         <input_file_ref idref="fl-3e"/>
      </object_component>
      <object_component id="oc-243">
         <name>.debug_abbrev</name>
         <load_address>0xc4a</load_address>
         <run_address>0xc4a</run_address>
         <size>0x71</size>
         <input_file_ref idref="fl-3e"/>
      </object_component>
      <object_component id="oc-125">
         <name>.debug_abbrev</name>
         <load_address>0xcbb</load_address>
         <run_address>0xcbb</run_address>
         <size>0x3c</size>
         <input_file_ref idref="fl-3f"/>
      </object_component>
      <object_component id="oc-126">
         <name>.debug_abbrev</name>
         <load_address>0xcf7</load_address>
         <run_address>0xcf7</run_address>
         <size>0x3c</size>
         <input_file_ref idref="fl-40"/>
      </object_component>
      <object_component id="oc-2c7">
         <name>.debug_abbrev</name>
         <load_address>0xd33</load_address>
         <run_address>0xd33</run_address>
         <size>0xf</size>
      </object_component>
      <object_component id="oc-241">
         <name>.debug_str</name>
         <load_address>0x0</load_address>
         <run_address>0x0</run_address>
         <size>0x2ba</size>
         <input_file_ref idref="fl-2"/>
      </object_component>
      <object_component id="oc-ce">
         <name>.debug_str</name>
         <load_address>0x2ba</load_address>
         <run_address>0x2ba</run_address>
         <size>0xfd</size>
         <input_file_ref idref="fl-2"/>
      </object_component>
      <object_component id="oc-191">
         <name>.debug_str</name>
         <load_address>0x3b7</load_address>
         <run_address>0x3b7</run_address>
         <size>0x33f</size>
         <input_file_ref idref="fl-2"/>
      </object_component>
      <object_component id="oc-154">
         <name>.debug_str</name>
         <load_address>0x6f6</load_address>
         <run_address>0x6f6</run_address>
         <size>0x152</size>
         <input_file_ref idref="fl-2"/>
      </object_component>
      <object_component id="oc-262">
         <name>.debug_str</name>
         <load_address>0x848</load_address>
         <run_address>0x848</run_address>
         <size>0xed</size>
         <input_file_ref idref="fl-32"/>
      </object_component>
      <object_component id="oc-273">
         <name>.debug_str</name>
         <load_address>0x935</load_address>
         <run_address>0x935</run_address>
         <size>0x14c</size>
         <input_file_ref idref="fl-32"/>
      </object_component>
      <object_component id="oc-230">
         <name>.debug_str</name>
         <load_address>0xa81</load_address>
         <run_address>0xa81</run_address>
         <size>0x147</size>
         <input_file_ref idref="fl-32"/>
      </object_component>
      <object_component id="oc-267">
         <name>.debug_str</name>
         <load_address>0xbc8</load_address>
         <run_address>0xbc8</run_address>
         <size>0x197</size>
         <input_file_ref idref="fl-32"/>
      </object_component>
      <object_component id="oc-134">
         <name>.debug_str</name>
         <load_address>0xd5f</load_address>
         <run_address>0xd5f</run_address>
         <size>0x140</size>
         <input_file_ref idref="fl-33"/>
      </object_component>
      <object_component id="oc-da">
         <name>.debug_str</name>
         <load_address>0xe9f</load_address>
         <run_address>0xe9f</run_address>
         <size>0x10b</size>
         <input_file_ref idref="fl-38"/>
      </object_component>
      <object_component id="oc-139">
         <name>.debug_str</name>
         <load_address>0xfaa</load_address>
         <run_address>0xfaa</run_address>
         <size>0x140</size>
         <input_file_ref idref="fl-38"/>
      </object_component>
      <object_component id="oc-c9">
         <name>.debug_str</name>
         <load_address>0x10ea</load_address>
         <run_address>0x10ea</run_address>
         <size>0x118</size>
         <input_file_ref idref="fl-39"/>
      </object_component>
      <object_component id="oc-183">
         <name>.debug_str</name>
         <load_address>0x1202</load_address>
         <run_address>0x1202</run_address>
         <size>0x16b</size>
         <input_file_ref idref="fl-39"/>
      </object_component>
      <object_component id="oc-12c">
         <name>.debug_str</name>
         <load_address>0x136d</load_address>
         <run_address>0x136d</run_address>
         <size>0x158</size>
         <input_file_ref idref="fl-39"/>
      </object_component>
      <object_component id="oc-198">
         <name>.debug_aranges</name>
         <load_address>0x0</load_address>
         <run_address>0x0</run_address>
         <size>0x20</size>
         <input_file_ref idref="fl-2"/>
      </object_component>
      <object_component id="oc-1a0">
         <name>.debug_aranges</name>
         <load_address>0x20</load_address>
         <run_address>0x20</run_address>
         <size>0x20</size>
         <input_file_ref idref="fl-2"/>
      </object_component>
      <object_component id="oc-205">
         <name>.debug_aranges</name>
         <load_address>0x40</load_address>
         <run_address>0x40</run_address>
         <size>0x20</size>
         <input_file_ref idref="fl-2"/>
      </object_component>
      <object_component id="oc-1ab">
         <name>.debug_aranges</name>
         <load_address>0x60</load_address>
         <run_address>0x60</run_address>
         <size>0x20</size>
         <input_file_ref idref="fl-2"/>
      </object_component>
      <object_component id="oc-165">
         <name>.debug_aranges</name>
         <load_address>0x80</load_address>
         <run_address>0x80</run_address>
         <size>0x20</size>
         <input_file_ref idref="fl-2"/>
      </object_component>
      <object_component id="oc-e5">
         <name>.debug_aranges</name>
         <load_address>0xa0</load_address>
         <run_address>0xa0</run_address>
         <size>0x20</size>
         <input_file_ref idref="fl-2"/>
      </object_component>
      <object_component id="oc-1fc">
         <name>.debug_aranges</name>
         <load_address>0xc0</load_address>
         <run_address>0xc0</run_address>
         <size>0x20</size>
         <input_file_ref idref="fl-1d"/>
      </object_component>
      <object_component id="oc-c2">
         <name>.debug_aranges</name>
         <load_address>0xe0</load_address>
         <run_address>0xe0</run_address>
         <size>0x20</size>
         <input_file_ref idref="fl-1e"/>
      </object_component>
      <object_component id="oc-148">
         <name>.debug_aranges</name>
         <load_address>0x100</load_address>
         <run_address>0x100</run_address>
         <size>0x20</size>
         <input_file_ref idref="fl-1f"/>
      </object_component>
      <object_component id="oc-1a3">
         <name>.debug_aranges</name>
         <load_address>0x120</load_address>
         <run_address>0x120</run_address>
         <size>0x20</size>
         <input_file_ref idref="fl-20"/>
      </object_component>
      <object_component id="oc-14d">
         <name>.debug_aranges</name>
         <load_address>0x140</load_address>
         <run_address>0x140</run_address>
         <size>0x20</size>
         <input_file_ref idref="fl-21"/>
      </object_component>
      <object_component id="oc-1f2">
         <name>.debug_aranges</name>
         <load_address>0x160</load_address>
         <run_address>0x160</run_address>
         <size>0x20</size>
         <input_file_ref idref="fl-22"/>
      </object_component>
      <object_component id="oc-143">
         <name>.debug_aranges</name>
         <load_address>0x180</load_address>
         <run_address>0x180</run_address>
         <size>0x20</size>
         <input_file_ref idref="fl-23"/>
      </object_component>
      <object_component id="oc-dd">
         <name>.debug_aranges</name>
         <load_address>0x1a0</load_address>
         <run_address>0x1a0</run_address>
         <size>0x20</size>
         <input_file_ref idref="fl-30"/>
      </object_component>
      <object_component id="oc-fb">
         <name>.debug_aranges</name>
         <load_address>0x1c0</load_address>
         <run_address>0x1c0</run_address>
         <size>0x20</size>
         <input_file_ref idref="fl-31"/>
      </object_component>
      <object_component id="oc-1bb">
         <name>.debug_aranges</name>
         <load_address>0x1e0</load_address>
         <run_address>0x1e0</run_address>
         <size>0x20</size>
         <input_file_ref idref="fl-32"/>
      </object_component>
      <object_component id="oc-15f">
         <name>.debug_aranges</name>
         <load_address>0x200</load_address>
         <run_address>0x200</run_address>
         <size>0x20</size>
         <input_file_ref idref="fl-36"/>
      </object_component>
      <object_component id="oc-21c">
         <name>.debug_aranges</name>
         <load_address>0x220</load_address>
         <run_address>0x220</run_address>
         <size>0x20</size>
         <input_file_ref idref="fl-37"/>
      </object_component>
      <object_component id="oc-3b">
         <name>.debug_aranges</name>
         <load_address>0x240</load_address>
         <run_address>0x240</run_address>
         <size>0x20</size>
         <input_file_ref idref="fl-38"/>
      </object_component>
      <object_component id="oc-35">
         <name>.debug_aranges</name>
         <load_address>0x260</load_address>
         <run_address>0x260</run_address>
         <size>0x20</size>
         <input_file_ref idref="fl-39"/>
      </object_component>
      <object_component id="oc-1af">
         <name>.debug_aranges</name>
         <load_address>0x280</load_address>
         <run_address>0x280</run_address>
         <size>0x20</size>
         <input_file_ref idref="fl-3a"/>
      </object_component>
      <object_component id="oc-d1">
         <name>.debug_aranges</name>
         <load_address>0x2a0</load_address>
         <run_address>0x2a0</run_address>
         <size>0x20</size>
         <input_file_ref idref="fl-3d"/>
      </object_component>
      <object_component id="oc-1f7">
         <name>.debug_aranges</name>
         <load_address>0x2c0</load_address>
         <run_address>0x2c0</run_address>
         <size>0x20</size>
         <input_file_ref idref="fl-3e"/>
      </object_component>
      <object_component id="oc-b8">
         <name>.debug_aranges</name>
         <load_address>0x2e0</load_address>
         <run_address>0x2e0</run_address>
         <size>0x20</size>
         <input_file_ref idref="fl-3f"/>
      </object_component>
      <object_component id="oc-bd">
         <name>.debug_aranges</name>
         <load_address>0x300</load_address>
         <run_address>0x300</run_address>
         <size>0x20</size>
         <input_file_ref idref="fl-40"/>
      </object_component>
      <object_component id="oc-13f">
         <name>.debug_pubnames</name>
         <load_address>0x0</load_address>
         <run_address>0x0</run_address>
         <size>0x75</size>
         <input_file_ref idref="fl-2"/>
      </object_component>
      <object_component id="oc-197">
         <name>.debug_pubnames</name>
         <load_address>0x75</load_address>
         <run_address>0x75</run_address>
         <size>0x26</size>
         <input_file_ref idref="fl-2"/>
      </object_component>
      <object_component id="oc-19f">
         <name>.debug_pubnames</name>
         <load_address>0x9b</load_address>
         <run_address>0x9b</run_address>
         <size>0x1f</size>
         <input_file_ref idref="fl-2"/>
      </object_component>
      <object_component id="oc-206">
         <name>.debug_pubnames</name>
         <load_address>0xba</load_address>
         <run_address>0xba</run_address>
         <size>0x25</size>
         <input_file_ref idref="fl-2"/>
      </object_component>
      <object_component id="oc-1aa">
         <name>.debug_pubnames</name>
         <load_address>0xdf</load_address>
         <run_address>0xdf</run_address>
         <size>0x20</size>
         <input_file_ref idref="fl-2"/>
      </object_component>
      <object_component id="oc-166">
         <name>.debug_pubnames</name>
         <load_address>0xff</load_address>
         <run_address>0xff</run_address>
         <size>0x1b</size>
         <input_file_ref idref="fl-2"/>
      </object_component>
      <object_component id="oc-e4">
         <name>.debug_pubnames</name>
         <load_address>0x11a</load_address>
         <run_address>0x11a</run_address>
         <size>0x21</size>
         <input_file_ref idref="fl-2"/>
      </object_component>
      <object_component id="oc-1fe">
         <name>.debug_pubnames</name>
         <load_address>0x13b</load_address>
         <run_address>0x13b</run_address>
         <size>0x25</size>
         <input_file_ref idref="fl-1d"/>
      </object_component>
      <object_component id="oc-c3">
         <name>.debug_pubnames</name>
         <load_address>0x160</load_address>
         <run_address>0x160</run_address>
         <size>0x2b</size>
         <input_file_ref idref="fl-1e"/>
      </object_component>
      <object_component id="oc-149">
         <name>.debug_pubnames</name>
         <load_address>0x18b</load_address>
         <run_address>0x18b</run_address>
         <size>0x24</size>
         <input_file_ref idref="fl-1f"/>
      </object_component>
      <object_component id="oc-1a4">
         <name>.debug_pubnames</name>
         <load_address>0x1af</load_address>
         <run_address>0x1af</run_address>
         <size>0x24</size>
         <input_file_ref idref="fl-20"/>
      </object_component>
      <object_component id="oc-14c">
         <name>.debug_pubnames</name>
         <load_address>0x1d3</load_address>
         <run_address>0x1d3</run_address>
         <size>0x24</size>
         <input_file_ref idref="fl-21"/>
      </object_component>
      <object_component id="oc-1f3">
         <name>.debug_pubnames</name>
         <load_address>0x1f7</load_address>
         <run_address>0x1f7</run_address>
         <size>0x26</size>
         <input_file_ref idref="fl-22"/>
      </object_component>
      <object_component id="oc-142">
         <name>.debug_pubnames</name>
         <load_address>0x21d</load_address>
         <run_address>0x21d</run_address>
         <size>0x25</size>
         <input_file_ref idref="fl-23"/>
      </object_component>
      <object_component id="oc-df">
         <name>.debug_pubnames</name>
         <load_address>0x242</load_address>
         <run_address>0x242</run_address>
         <size>0x2b</size>
         <input_file_ref idref="fl-30"/>
      </object_component>
      <object_component id="oc-b3">
         <name>.debug_pubnames</name>
         <load_address>0x26d</load_address>
         <run_address>0x26d</run_address>
         <size>0x1d</size>
         <input_file_ref idref="fl-31"/>
      </object_component>
      <object_component id="oc-fc">
         <name>.debug_pubnames</name>
         <load_address>0x28a</load_address>
         <run_address>0x28a</run_address>
         <size>0x26</size>
         <input_file_ref idref="fl-31"/>
      </object_component>
      <object_component id="oc-1bc">
         <name>.debug_pubnames</name>
         <load_address>0x2b0</load_address>
         <run_address>0x2b0</run_address>
         <size>0x35</size>
         <input_file_ref idref="fl-32"/>
      </object_component>
      <object_component id="oc-160">
         <name>.debug_pubnames</name>
         <load_address>0x2e5</load_address>
         <run_address>0x2e5</run_address>
         <size>0x27</size>
         <input_file_ref idref="fl-36"/>
      </object_component>
      <object_component id="oc-21f">
         <name>.debug_pubnames</name>
         <load_address>0x30c</load_address>
         <run_address>0x30c</run_address>
         <size>0x29</size>
         <input_file_ref idref="fl-37"/>
      </object_component>
      <object_component id="oc-3e">
         <name>.debug_pubnames</name>
         <load_address>0x335</load_address>
         <run_address>0x335</run_address>
         <size>0x2b</size>
         <input_file_ref idref="fl-38"/>
      </object_component>
      <object_component id="oc-39">
         <name>.debug_pubnames</name>
         <load_address>0x360</load_address>
         <run_address>0x360</run_address>
         <size>0x2b</size>
         <input_file_ref idref="fl-39"/>
      </object_component>
      <object_component id="oc-1b1">
         <name>.debug_pubnames</name>
         <load_address>0x38b</load_address>
         <run_address>0x38b</run_address>
         <size>0x1c</size>
         <input_file_ref idref="fl-3a"/>
      </object_component>
      <object_component id="oc-d2">
         <name>.debug_pubnames</name>
         <load_address>0x3a7</load_address>
         <run_address>0x3a7</run_address>
         <size>0x1d</size>
         <input_file_ref idref="fl-3d"/>
      </object_component>
      <object_component id="oc-1f8">
         <name>.debug_pubnames</name>
         <load_address>0x3c4</load_address>
         <run_address>0x3c4</run_address>
         <size>0x1d</size>
         <input_file_ref idref="fl-3e"/>
      </object_component>
      <object_component id="oc-b7">
         <name>.debug_pubnames</name>
         <load_address>0x3e1</load_address>
         <run_address>0x3e1</run_address>
         <size>0x24</size>
         <input_file_ref idref="fl-3f"/>
      </object_component>
      <object_component id="oc-be">
         <name>.debug_pubnames</name>
[...]
         <name>TA1IV</name>
         <value>0x11e</value>
      </symbol>
      <symbol id="sm-38">
         <name>TA1CTL</name>
         <value>0x180</value>
      </symbol>
      <symbol id="sm-39">
         <name>TA1CCTL0</name>
         <value>0x182</value>
      </symbol>
      <symbol id="sm-3a">
         <name>TA1CCTL1</name>
         <value>0x184</value>
      </symbol>
      <symbol id="sm-3b">
         <name>TA1CCTL2</name>
         <value>0x186</value>
      </symbol>
      <symbol id="sm-3c">
         <name>TA1R</name>
         <value>0x190</value>
      </symbol>
      <symbol id="sm-3d">
         <name>TA1CCR0</name>
         <value>0x192</value>
      </symbol>
      <symbol id="sm-3e">
         <name>TA1CCR1</name>
         <value>0x194</value>
      </symbol>
      <symbol id="sm-3f">
         <name>TA1CCR2</name>
         <value>0x196</value>
      </symbol>
      <symbol id="sm-40">
         <name>UCA0CTL0</name>
         <value>0x60</value>
      </symbol>
      <symbol id="sm-41">
         <name>UCA0CTL1</name>
         <value>0x61</value>
      </symbol>
      <symbol id="sm-42">
         <name>UCA0BR0</name>
         <value>0x62</value>
      </symbol>
      <symbol id="sm-43">
         <name>UCA0BR1</name>
         <value>0x63</value>
      </symbol>
      <symbol id="sm-44">
         <name>UCA0MCTL</name>
         <value>0x64</value>
      </symbol>
      <symbol id="sm-45">
         <name>UCA0STAT</name>
         <value>0x65</value>
      </symbol>
      <symbol id="sm-46">
         <name>UCA0RXBUF</name>
         <value>0x66</value>
      </symbol>
      <symbol id="sm-47">
         <name>UCA0TXBUF</name>
         <value>0x67</value>
      </symbol>
      <symbol id="sm-48">
         <name>UCA0ABCTL</name>
         <value>0x5d</value>
      </symbol>
      <symbol id="sm-49">
         <name>UCA0IRTCTL</name>
         <value>0x5e</value>
      </symbol>
      <symbol id="sm-4a">
         <name>UCA0IRRCTL</name>
         <value>0x5f</value>
      </symbol>
      <symbol id="sm-4b">
         <name>UCB0CTL0</name>
         <value>0x68</value>
      </symbol>
      <symbol id="sm-4c">
         <name>UCB0CTL1</name>
         <value>0x69</value>
      </symbol>
      <symbol id="sm-4d">
         <name>UCB0BR0</name>
         <value>0x6a</value>
      </symbol>
      <symbol id="sm-4e">
         <name>UCB0BR1</name>
         <value>0x6b</value>
      </symbol>
      <symbol id="sm-4f">
         <name>UCB0I2CIE</name>
         <value>0x6c</value>
      </symbol>
      <symbol id="sm-50">
         <name>UCB0STAT</name>
         <value>0x6d</value>
      </symbol>
      <symbol id="sm-51">
         <name>UCB0RXBUF</name>
         <value>0x6e</value>
      </symbol>
      <symbol id="sm-52">
         <name>UCB0TXBUF</name>
         <value>0x6f</value>
      </symbol>
      <symbol id="sm-53">
         <name>UCB0I2COA</name>
         <value>0x118</value>
      </symbol>
      <symbol id="sm-54">
         <name>UCB0I2CSA</name>
         <value>0x11a</value>
      </symbol>
      <symbol id="sm-55">
         <name>WDTCTL</name>
         <value>0x120</value>
      </symbol>
      <symbol id="sm-56">
         <name>CALDCO_16MHZ</name>
         <value>0x10f8</value>
      </symbol>
      <symbol id="sm-57">
         <name>CALBC1_16MHZ</name>
         <value>0x10f9</value>
      </symbol>
      <symbol id="sm-58">
         <name>CALDCO_12MHZ</name>
         <value>0x10fa</value>
      </symbol>
      <symbol id="sm-59">
         <name>CALBC1_12MHZ</name>
         <value>0x10fb</value>
      </symbol>
      <symbol id="sm-5a">
         <name>CALDCO_8MHZ</name>
         <value>0x10fc</value>
      </symbol>
      <symbol id="sm-5b">
         <name>CALBC1_8MHZ</name>
         <value>0x10fd</value>
      </symbol>
      <symbol id="sm-5c">
         <name>CALDCO_1MHZ</name>
         <value>0x10fe</value>
      </symbol>
      <symbol id="sm-5d">
         <name>CALBC1_1MHZ</name>
         <value>0x10ff</value>
      </symbol>
      <symbol id="sm-5e">
         <name>TLV_CHECKSUM</name>
         <value>0x10c0</value>
      </symbol>
      <symbol id="sm-5f">
         <name>TLV_DCO_30_TAG</name>
         <value>0x10f6</value>
      </symbol>
      <symbol id="sm-60">
         <name>TLV_DCO_30_LEN</name>
         <value>0x10f7</value>
      </symbol>
      <symbol id="sm-61">
         <name>TLV_ADC10_1_TAG</name>
         <value>0x10da</value>
      </symbol>
      <symbol id="sm-62">
         <name>TLV_ADC10_1_LEN</name>
         <value>0x10db</value>
      </symbol>
      <symbol id="sm-63">
         <name>__TI_CINIT_Base</name>
         <value>0xc7b4</value>
      </symbol>
      <symbol id="sm-64">
         <name>__TI_CINIT_Limit</name>
         <value>0xc7b8</value>
      </symbol>
      <symbol id="sm-65">
         <name>__TI_Handler_Table_Base</name>
         <value>0xc7b0</value>
      </symbol>
      <symbol id="sm-66">
         <name>__TI_Handler_Table_Limit</name>
         <value>0xc7b4</value>
      </symbol>
      <symbol id="sm-67">
         <name>__STACK_SIZE</name>
         <value>0x50</value>
      </symbol>
      <symbol id="sm-68">
         <name>__STACK_END</name>
         <value>0x400</value>
      </symbol>
      <symbol id="sm-69">
         <name>__c_args__</name>
         <value>0xffffffff</value>
      </symbol>
      <symbol id="sm-6a">
         <name>__TI_pprof_out_hndl</name>
         <value>0xffffffff</value>
      </symbol>
      <symbol id="sm-6b">
         <name>__TI_prof_data_start</name>
         <value>0xffffffff</value>
      </symbol>
      <symbol id="sm-6c">
         <name>__TI_prof_data_size</name>
         <value>0xffffffff</value>
      </symbol>
      <symbol id="sm-f1">
         <name>timestamp</name>
         <value>0x214</value>
         <object_component_ref idref="oc-13d"/>
      </symbol>
      <symbol id="sm-f2">
         <name>timestamp_1</name>
         <value>0x20c</value>
         <object_component_ref idref="oc-13d"/>
      </symbol>
      <symbol id="sm-f3">
         <name>timestamp_2</name>
         <value>0x210</value>
         <object_component_ref idref="oc-13d"/>
      </symbol>
      <symbol id="sm-f4">
         <name>capvalue_1</name>
         <value>0x204</value>
         <object_component_ref idref="oc-13d"/>
      </symbol>
      <symbol id="sm-f5">
         <name>capvalue_2</name>
         <value>0x208</value>
         <object_component_ref idref="oc-13d"/>
      </symbol>
      <symbol id="sm-f6">
         <name>InitSystemClock</name>
         <value>0xc724</value>
         <object_component_ref idref="oc-195"/>
      </symbol>
      <symbol id="sm-f7">
         <name>freq</name>
         <value>0x200</value>
         <object_component_ref idref="oc-13d"/>
      </symbol>
      <symbol id="sm-f8">
         <name>__TI_int12</name>
         <value>0xfff8</value>
         <object_component_ref idref="oc-4a"/>
      </symbol>
      <symbol id="sm-f9">
         <name>InitUART</name>
         <value>0xc668</value>
         <object_component_ref idref="oc-19b"/>
      </symbol>
      <symbol id="sm-fa">
         <name>PrintFreq</name>
         <value>0xc37e</value>
         <object_component_ref idref="oc-1a6"/>
      </symbol>
      <symbol id="sm-fb">
         <name>main</name>
         <value>0xc2c2</value>
         <object_component_ref idref="oc-163"/>
      </symbol>
      <symbol id="sm-fc">
         <name>UARTSendString</name>
         <value>0xc70a</value>
         <object_component_ref idref="oc-201"/>
      </symbol>
      <symbol id="sm-fd">
         <name>Timer_Tick</name>
         <value>0xc132</value>
         <object_component_ref idref="oc-e1"/>
      </symbol>
      <symbol id="sm-fe">
         <name>totaltime</name>
         <value>0x218</value>
         <object_component_ref idref="oc-13d"/>
      </symbol>
      <symbol id="sm-10c">
         <name>__mspabi_remul</name>
         <value>0xc536</value>
         <object_component_ref idref="oc-1fb"/>
      </symbol>
      <symbol id="sm-10d">
         <name>__mspabi_divul</name>
         <value>0xc536</value>
         <object_component_ref idref="oc-1fb"/>
      </symbol>
      <symbol id="sm-116">
         <name>__mspabi_func_epilog_2</name>
         <value>0xc77e</value>
         <object_component_ref idref="oc-bf"/>
      </symbol>
      <symbol id="sm-117">
         <name>__mspabi_func_epilog_3</name>
         <value>0xc77c</value>
         <object_component_ref idref="oc-bf"/>
      </symbol>
      <symbol id="sm-118">
         <name>__mspabi_func_epilog_1</name>
         <value>0xc780</value>
         <object_component_ref idref="oc-bf"/>
      </symbol>
      <symbol id="sm-119">
         <name>__mspabi_func_epilog_6</name>
         <value>0xc776</value>
         <object_component_ref idref="oc-bf"/>
      </symbol>
      <symbol id="sm-11a">
         <name>__mspabi_func_epilog_7</name>
         <value>0xc774</value>
         <object_component_ref idref="oc-bf"/>
      </symbol>
      <symbol id="sm-11b">
         <name>__mspabi_func_epilog_4</name>
         <value>0xc77a</value>
         <object_component_ref idref="oc-bf"/>
      </symbol>
      <symbol id="sm-11c">
         <name>__mspabi_func_epilog_5</name>
         <value>0xc778</value>
         <object_component_ref idref="oc-bf"/>
      </symbol>
      <symbol id="sm-137">
         <name>__mspabi_subf</name>
         <value>0xc000</value>
         <object_component_ref idref="oc-145"/>
      </symbol>
      <symbol id="sm-138">
         <name>__mspabi_addf</name>
         <value>0xc006</value>
         <object_component_ref idref="oc-145"/>
      </symbol>
      <symbol id="sm-14a">
         <name>__mspabi_divf</name>
         <value>0xc41e</value>
         <object_component_ref idref="oc-1a1"/>
      </symbol>
      <symbol id="sm-161">
         <name>__mspabi_mpyf</name>
         <value>0xc1fe</value>
         <object_component_ref idref="oc-14a"/>
      </symbol>
      <symbol id="sm-170">
         <name>__mspabi_fixful</name>
         <value>0xc58e</value>
         <object_component_ref idref="oc-1f0"/>
      </symbol>
      <symbol id="sm-17b">
         <name>__mspabi_fltuf</name>
         <value>0xc6ca</value>
         <object_component_ref idref="oc-140"/>
      </symbol>
      <symbol id="sm-17e">
         <name>__TI_int00</name>
         <value>0xffe0</value>
         <object_component_ref idref="oc-40"/>
      </symbol>
      <symbol id="sm-181">
         <name>__TI_int02</name>
         <value>0xffe4</value>
         <object_component_ref idref="oc-41"/>
      </symbol>
      <symbol id="sm-184">
         <name>__TI_int03</name>
         <value>0xffe6</value>
         <object_component_ref idref="oc-42"/>
      </symbol>
      <symbol id="sm-187">
         <name>__TI_int05</name>
         <value>0xffea</value>
         <object_component_ref idref="oc-43"/>
      </symbol>
      <symbol id="sm-18a">
         <name>__TI_int06</name>
         <value>0xffec</value>
         <object_component_ref idref="oc-44"/>
      </symbol>
      <symbol id="sm-18d">
         <name>__TI_int07</name>
         <value>0xffee</value>
         <object_component_ref idref="oc-45"/>
      </symbol>
      <symbol id="sm-190">
         <name>__TI_int08</name>
         <value>0xfff0</value>
         <object_component_ref idref="oc-46"/>
      </symbol>
      <symbol id="sm-193">
         <name>__TI_int09</name>
         <value>0xfff2</value>
         <object_component_ref idref="oc-47"/>
      </symbol>
      <symbol id="sm-196">
         <name>__TI_int10</name>
         <value>0xfff4</value>
         <object_component_ref idref="oc-48"/>
      </symbol>
      <symbol id="sm-199">
         <name>__TI_int11</name>
         <value>0xfff6</value>
         <object_component_ref idref="oc-49"/>
      </symbol>
      <symbol id="sm-19c">
         <name>__TI_int13</name>
         <value>0xfffa</value>
         <object_component_ref idref="oc-4b"/>
      </symbol>
      <symbol id="sm-19f">
         <name>__TI_int14</name>
         <value>0xfffc</value>
         <object_component_ref idref="oc-4c"/>
      </symbol>
      <symbol id="sm-1a7">
         <name>__TI_ISR_TRAP</name>
         <value>0xc784</value>
         <object_component_ref idref="oc-dc"/>
      </symbol>
      <symbol id="sm-1b7">
         <name>_stack</name>
         <value>0x3b0</value>
         <object_component_ref idref="oc-b1"/>
      </symbol>
      <symbol id="sm-1b8">
         <name>_c_int00_noargs</name>
         <value>0xc6ee</value>
         <object_component_ref idref="oc-f9"/>
      </symbol>
      <symbol id="sm-1b9">
         <name>_reset_vector</name>
         <value>0xfffe</value>
         <object_component_ref idref="oc-b4"/>
      </symbol>
      <symbol id="sm-1db">
         <name>__TI_auto_init_nobinit_nopinit</name>
         <value>0xc626</value>
         <object_component_ref idref="oc-1b9"/>
      </symbol>
      <symbol id="sm-1ec">
         <name>_system_pre_init</name>
         <value>0xc792</value>
         <object_component_ref idref="oc-15d"/>
      </symbol>
      <symbol id="sm-1f5">
         <name>_system_post_cinit</name>
         <value>0xc796</value>
         <object_component_ref idref="oc-21a"/>
      </symbol>
      <symbol id="sm-20b">
         <name>__TI_decompress_none</name>
         <value>0xc750</value>
         <object_component_ref idref="oc-3a"/>
      </symbol>
      <symbol id="sm-22e">
         <name>__TI_decompress_lzss</name>
         <value>0xc4ba</value>
         <object_component_ref idref="oc-34"/>
      </symbol>
      <symbol id="sm-238">
         <name>C$$EXIT</name>
         <value>0xc78c</value>
         <object_component_ref idref="oc-1ad"/>
      </symbol>
      <symbol id="sm-239">
         <name>abort</name>
         <value>0xc78c</value>
         <object_component_ref idref="oc-1ad"/>
      </symbol>
      <symbol id="sm-249">
         <name>memcpy</name>
         <value>0xc762</value>
         <object_component_ref idref="oc-cf"/>
      </symbol>
      <symbol id="sm-257">
         <name>memset</name>
         <value>0xc73c</value>
         <object_component_ref idref="oc-1f5"/>
      </symbol>
      <symbol id="sm-25f">
         <name>__mspabi_slli</name>
         <value>0xc69e</value>
         <object_component_ref idref="oc-b5"/>
      </symbol>
      <symbol id="sm-260">
         <name>__mspabi_slli_9</name>
         <value>0xc6b6</value>
         <object_component_ref idref="oc-b5"/>
      </symbol>
      <symbol id="sm-261">
         <name>__mspabi_slli_8</name>
         <value>0xc6b8</value>
         <object_component_ref idref="oc-b5"/>
      </symbol>
      <symbol id="sm-262">
         <name>__mspabi_slli_7</name>
         <value>0xc6ba</value>
         <object_component_ref idref="oc-b5"/>
      </symbol>
      <symbol id="sm-263">
         <name>__mspabi_slli_6</name>
         <value>0xc6bc</value>
         <object_component_ref idref="oc-b5"/>
      </symbol>
      <symbol id="sm-264">
         <name>__mspabi_slli_5</name>
         <value>0xc6be</value>
         <object_component_ref idref="oc-b5"/>
      </symbol>
      <symbol id="sm-265">
         <name>__mspabi_slli_4</name>
         <value>0xc6c0</value>
         <object_component_ref idref="oc-b5"/>
      </symbol>
      <symbol id="sm-266">
         <name>__mspabi_slli_3</name>
         <value>0xc6c2</value>
         <object_component_ref idref="oc-b5"/>
      </symbol>
      <symbol id="sm-267">
         <name>__mspabi_slli_2</name>
         <value>0xc6c4</value>
         <object_component_ref idref="oc-b5"/>
      </symbol>
      <symbol id="sm-268">
         <name>__mspabi_slli_1</name>
         <value>0xc6c6</value>
         <object_component_ref idref="oc-b5"/>
      </symbol>
      <symbol id="sm-269">
         <name>__mspabi_slli_15</name>
         <value>0xc6aa</value>
         <object_component_ref idref="oc-b5"/>
      </symbol>
      <symbol id="sm-26a">
         <name>__mspabi_slli_14</name>
         <value>0xc6ac</value>
         <object_component_ref idref="oc-b5"/>
      </symbol>
      <symbol id="sm-26b">
         <name>__mspabi_slli_13</name>
         <value>0xc6ae</value>
         <object_component_ref idref="oc-b5"/>
      </symbol>
      <symbol id="sm-26c">
         <name>__mspabi_slli_12</name>
         <value>0xc6b0</value>
         <object_component_ref idref="oc-b5"/>
      </symbol>
      <symbol id="sm-26d">
         <name>__mspabi_slli_11</name>
         <value>0xc6b2</value>
         <object_component_ref idref="oc-b5"/>
      </symbol>
      <symbol id="sm-26e">
         <name>__mspabi_slli_10</name>
         <value>0xc6b4</value>
         <object_component_ref idref="oc-b5"/>
      </symbol>
      <symbol id="sm-276">
         <name>__mspabi_srli_8</name>
         <value>0xc604</value>
         <object_component_ref idref="oc-ba"/>
      </symbol>
      <symbol id="sm-277">
         <name>__mspabi_srli_9</name>
         <value>0xc600</value>
         <object_component_ref idref="oc-ba"/>
      </symbol>
      <symbol id="sm-278">
         <name>__mspabi_srli_6</name>
         <value>0xc60c</value>
         <object_component_ref idref="oc-ba"/>
      </symbol>
      <symbol id="sm-279">
         <name>__mspabi_srli_7</name>
         <value>0xc608</value>
         <object_component_ref idref="oc-ba"/>
      </symbol>
      <symbol id="sm-27a">
         <name>__mspabi_srli_4</name>
         <value>0xc614</value>
         <object_component_ref idref="oc-ba"/>
      </symbol>
      <symbol id="sm-27b">
         <name>__mspabi_srli_5</name>
         <value>0xc610</value>
         <object_component_ref idref="oc-ba"/>
      </symbol>
      <symbol id="sm-27c">
         <name>__mspabi_srli_2</name>
         <value>0xc61c</value>
         <object_component_ref idref="oc-ba"/>
      </symbol>
      <symbol id="sm-27d">
         <name>__mspabi_srli_3</name>
         <value>0xc618</value>
         <object_component_ref idref="oc-ba"/>
      </symbol>
      <symbol id="sm-27e">
         <name>__mspabi_srli_1</name>
         <value>0xc620</value>
         <object_component_ref idref="oc-ba"/>
      </symbol>
      <symbol id="sm-27f">
         <name>__mspabi_srli</name>
         <value>0xc5da</value>
         <object_component_ref idref="oc-ba"/>
      </symbol>
      <symbol id="sm-280">
         <name>__mspabi_srli_15</name>
         <value>0xc5e8</value>
         <object_component_ref idref="oc-ba"/>
      </symbol>
      <symbol id="sm-281">
         <name>__mspabi_srli_14</name>
         <value>0xc5ec</value>
         <object_component_ref idref="oc-ba"/>
      </symbol>
      <symbol id="sm-282">
         <name>__mspabi_srli_13</name>
         <value>0xc5f0</value>
         <object_component_ref idref="oc-ba"/>
      </symbol>
      <symbol id="sm-283">
         <name>__mspabi_srli_12</name>
         <value>0xc5f4</value>
         <object_component_ref idref="oc-ba"/>
      </symbol>
      <symbol id="sm-284">
         <name>__mspabi_srli_11</name>
         <value>0xc5f8</value>
         <object_component_ref idref="oc-ba"/>
      </symbol>
      <symbol id="sm-285">
         <name>__mspabi_srli_10</name>
         <value>0xc5fc</value>
         <object_component_ref idref="oc-ba"/>
      </symbol>
   </symbol_table>
   <title>Link successful</title>
</link_info>
